
Running Job 1 of 1 sph0-qc.in
qchem sph0-qc.in_24224.0 /scratch/cdsgroup/qchem.24029.25834/qchem24224/ 1
ds4 192.168.2
                  Welcome to Q-Chem
     A Quantum Leap Into The Future Of Chemistry


 Q-Chem 4.3, Q-Chem, Inc., Pleasanton, CA (2015)

 Y. Shao,  Z. Gan,  E. Epifanovsky,  A. T. B. Gilbert,  M. Wormit,  
 J. Kussmann,  A. W. Lange,  A. Behn,  J. Deng,  X. Feng,  D. Ghosh,  
 M. Goldey,  P. R. Horn,  L. D. Jacobson,  I. Kaliman,  R. Z. Khaliullin,  
 T. Kus,  A. Landau,  J. Liu,  E. I. Proynov,  Y. M. Rhee,  R. M. Richard,  
 M. A. Rohrdanz,  R. P. Steele,  E. J. Sundstrom,  H. L. Woodcock III,  
 P. M. Zimmerman,  D. Zuev,  B. Albrecht,  E. Alguire,  B. Austin,  
 S. A. Baeppler,  G. J. O. Beran,  Y. A. Bernard,  E. Berquist,  
 K. Brandhorst,  K. B. Bravaya,  S. T. Brown,  D. Casanova,  C.-M. Chang,  
 Y. Chen,  S. H. Chien,  K. D. Closser,  D. L. Crittenden,  M. Diedenhofen,  
 R. A. DiStasio Jr.,  H. Do,  A. D. Dutoi,  R. G. Edgar,  P.-T. Fang,  
 S. Fatehi,  Q. Feng,  L. Fusti-Molnar,  A. Ghysels,  
 A. Golubeva-Zadorozhnaya,  J. Gomes,  A. Gunina,  M. W. D. Hanson-Heine,  
 P. H. P. Harbach,  A. W. Hauser,  E. G. Hohenstein,  Z. C. Holden,  K. Hui,  
 T.-C. Jagau,  H. Ji,  B. Kaduk,  K. Khistyaev,  Jaehoon Kim,  Jihan Kim,  
 R. A. King,  P. Klunzinger,  D. Kosenkov,  T. Kowalczyk,  C. M. Krauter,  
 K. U. Lao,  A. Laurent,  K. V. Lawler,  S. Lehtola,  S. V. Levchenko,  
 C. Y. Lin,  Y.-S. Lin,  F. Liu,  E. Livshits,  R. C. Lochan,  A. Luenser,  
 P. Manohar,  S. F. Manzer,  S.-P. Mao,  N. Mardirossian,  A. V. Marenich,  
 L. A. Martinez-Martinez,  S. A. Maurer,  N. J. Mayhall,  K. Nanda,  
 C. M. Oana,  R. Olivares-Amaya,  D. P. O'Neill,  J. A. Parkhill,  
 T. M. Perrine,  R. Peverati,  P. A. Pieniazek,  F. Plasser,  A. Prociuk,  
 D. R. Rehn,  E. Rosta,  N. J. Russ,  N. Sergueev,  S. M. Sharada,  
 S. Sharma,  D. W. Small,  A. Sodt,  T. Stauch,  T. Stein,  D. Stuck,  
 Y.-C. Su,  A. J. W. Thom,  T. Tsuchimochi,  L. Vogt,  O. Vydrov,  T. Wang,  
 M. A. Watson,  J. Wenzel,  A. White,  C. F. Williams,  V. Vanovschi,  
 S. Yeganeh,  S. R. Yost,  Z.-Q. You,  I. Y. Zhang,  X. Zhang,  Y. Zhao,  
 B. R. Brooks,  G. K. L. Chan,  D. M. Chipman,  C. J. Cramer,  
 W. A. Goddard III,  M. S. Gordon,  W. J. Hehre,  A. Klamt,  
 H. F. Schaefer III,  M. W. Schmidt,  C. D. Sherrill,  D. G. Truhlar,  
 A. Warshel,  X. Xu,  A. Aspuru-Guzik,  R. Baer,  A. T. Bell,  N. A. Besley,  
 J.-D. Chai,  A. Dreuw,  B. D. Dunietz,  T. R. Furlani,  S. R. Gwaltney,  
 C.-P. Hsu,  Y. Jung,  J. Kong,  D. S. Lambrecht,  W. Liang,  C. Ochsenfeld,  
 V. A. Rassolov,  L. V. Slipchenko,  J. E. Subotnik,  T. Van Voorhis,  
 J. M. Herbert,  A. I. Krylov,  P. M. W. Gill,  M. Head-Gordon

 Contributors to earlier versions of Q-Chem not listed above: 
 R. D. Adamson,  J. Baker,  E. F. C. Byrd,  A. K. Chakraborty,  C.-L. Cheng,  
 H. Dachsel,  R. J. Doerksen,  G. Hawkins,  A. Heyden,  S. Hirata,  
 G. Kedziora,  F. J. Keil,  C. Kelley,  P. P. Korambath,  W. Kurlancheek,  
 A. M. Lee,  M. S. Lee,  D. Liotard,  I. Lotan,  P. E. Maslen,  N. Nair,  
 D. Neuhauser,  R. Olson,  B. Peters,  J. Ritchie,  N. E. Schultz,  
 N. Shenvi,  A. C. Simmonett,  K. S. Thanthiriwatte,  Q. Wu,  W. Zhang

 Please cite Q-Chem as follows:
 Y. Shao et al., Mol. Phys. 113, 184-215 (2014)
 DOI: 10.1080/00268976.2014.952696

 Q-Chem 4.3.0 for Intel X86 Linux

 Parts of Q-Chem use Armadillo 4.550.3 (Singapore Sling Deluxe).
 http://arma.sourceforge.net/

 Q-Chem begins on Thu Jul 23 03:07:25 2015  

Host: ds4
0

     Scratch files written to /scratch/cdsgroup/qchem.24029.25834/qchem24224//
 Apr2915 4927_ 18097  18092 0   
Processing $rem in /theoryfs2/common/software/qchem4.3/config/preferences.
 MEM_TOTAL  2000 

Checking the input file for inconsistencies...	...done.


LIBEFP ver. 1.2.1
Copyright (c) 2012-2014 Ilya Kaliman

Journal Reference:
    Kaliman and Slipchenko, JCC 2013.
    DOI: http://dx.doi.org/10.1002/jcc.23375

Project web site: http://www.libefp.org/


EFP electrostatic damping is screen-based damping
EFP dispersion damping is overlap-based damping
EFP polarization damping is Tang-Toennies type damping


GEOMETRY OF EFP SUBSYSTEM

     A01O1   -2.13972    1.28964   -0.96418
     A02H2   -2.66865    0.51034   -1.14473
     A03H3   -1.33300    0.93113   -0.58956
     A01N1    0.98792    1.87681    2.85174
     A02H2    1.68798    1.18856    3.09517
     A03H3    1.45872    2.55905    2.27226
     A04H4    0.75752    2.35522    3.71252
     A01N1   -4.12794   -0.92466   -1.28394
     A02H2   -4.69278   -1.09557   -2.10539
     A03H3   -3.59191   -1.76923   -1.13470
     A04H4   -4.77518   -0.86593   -0.50900



--------------------------------------------------------------
User input:
--------------------------------------------------------------
$comment
QM/MM computation of one water molecule in QM part and
one water + two ammonia molecules in EFP part.
$end

$molecule
0 1
O   0 0 0.118720
H   -0.753299, 0.0, -0.474880
H   0.753299, 0.0, -0.474880
$end

$rem
exchange hf
basis cc-pvdz
jobtype sp
!purecart
scf_guess core
print_general_basis true
symmetry off
maxdiis 0
mem_total 1024
THRESH             14
SCF_CONVERGENCE    12
efp_coord_xyz 1
$end

$efp_fragments
WATER_L
A01O         -2.139720000000     1.289640000000    -0.964180000000
A02H         -2.658194609824     0.525744468576    -1.141161057614
A03H         -1.332754269051     0.982221512086    -0.592730432656
AMMONIA_L
A01N          0.987920000000     1.876810000000     2.851740000000
A02H          1.679416938733     1.196978602573     3.092192389503
A03H          1.421443808611     2.569152532065     2.276522630264
AMMONIA_L
A01N         -4.127940000000    -0.924660000000    -1.283940000000
A02H         -4.685869756324    -1.093479089748    -2.095340393620
A03H         -3.583060498642    -1.743214916261    -1.107219104660
$end

--------------------------------------------------------------
 ----------------------------------------------------------------
             Standard Nuclear Orientation (Angstroms)
    I     Atom           X                Y                Z
 ----------------------------------------------------------------
    1      O       0.0000000000     0.0000000000     0.1187200000
    2      H      -0.7532990000     0.0000000000    -0.4748800000
    3      H       0.7532990000     0.0000000000    -0.4748800000
 ----------------------------------------------------------------
 Molecular Point Group                 C2v   NOp =  1
 Largest Abelian Subgroup              C2v   NOp =  1
 Nuclear Repulsion Energy =     9.1793879214 hartrees
 There are        5 alpha and        5 beta electrons
 Requested basis set is cc-pVDZ
Basis set in general basis input format:
-----------------------------------------------------------------------
$basis
O    0
S    7    1.000000
   1.17200000E+04    7.10000000E-04 
   1.75900000E+03    5.47087000E-03 
   4.00800000E+02    2.78370000E-02 
   1.13700000E+02    1.04858510E-01 
   3.70300000E+01    2.83260430E-01 
   1.32700000E+01    4.50493790E-01 
   5.02500000E+00    2.72494270E-01 
S    7    1.000000
   1.17200000E+04   -1.60000000E-07 
   1.75900000E+03   -3.15300000E-05 
   1.13700000E+02   -2.12216000E-03 
   3.70300000E+01   -7.19768000E-03 
   1.32700000E+01   -6.43899900E-02 
   5.02500000E+00   -5.59550300E-02 
   1.01300000E+00    5.60848120E-01 
S    1    1.000000
   3.02300000E-01    1.00000000E+00 
P    3    1.000000
   1.77000000E+01    4.30180000E-02 
   3.85400000E+00    2.28913000E-01 
   1.04600000E+00    5.08728000E-01 
P    1    1.000000
   2.75300000E-01    1.00000000E+00 
D    1    1.000000
   1.18500000E+00    1.00000000E+00 
****
H    0
S    3    1.000000
   1.30100000E+01    1.96850000E-02 
   1.96200000E+00    1.37977000E-01 
   4.44600000E-01    4.78148000E-01 
S    1    1.000000
   1.22000000E-01    1.00000000E+00 
P    1    1.000000
   7.27000000E-01    1.00000000E+00 
****
H    0
S    3    1.000000
   1.30100000E+01    1.96850000E-02 
   1.96200000E+00    1.37977000E-01 
   4.44600000E-01    4.78148000E-01 
S    1    1.000000
   1.22000000E-01    1.00000000E+00 
P    1    1.000000
   7.27000000E-01    1.00000000E+00 
****
$end
-----------------------------------------------------------------------
 There are 12 shells and 24 basis functions

Total QAlloc Memory Limit   1024 MB
Mega-Array Size        61 MB
MEM_STATIC part        62 MB

                       Distance Matrix (Angstroms)
             O (  1)   H (  2)
   H (  2)  0.959073
   H (  3)  0.959073  1.506598
 
 A cutoff of  1.0D-14 yielded     78 shell pairs
 There are       322 function pairs (       352 Cartesian)
 
 -------------------------------------------------------
 OpenMP Integral Computing Module                       
 Release: version 1.0, May 2013, Q-Chem Inc. Pittsburgh 
 -------------------------------------------------------
 Integral Job Info:
 Integral job number is                      11
 Integral operator is                         1
 short-range coefficients               -999999
 long-range coefficients                -999999
 Omega coefficients                           0
 if combine SR and LR in K              -999999
 Integral screening is                        0
 Integral computing path is                   2
 max size of driver memory is            800000
 size of driver memory is                593474
 size of scratch memory is              3179904
 max col of scratch BK array               1296
 max len of scratch array in speh3          155
 max len of scratch index in speh4           18
 max int batch size is                      520
 min int batch size is                       52
 fixed nKL is                                52
 max L of basis functions is                  2
 order of int derivative is                   0
 number of shells is                         12
 number of basis is                          25
 number of cartesian basis is                25
 number of contracted shell pairs            78
 number of primitive shell pairs            497
 maxK2 (contraction) of shell pair           49
 max number of K2 of shell pair               1
 max number of CS2 of shell pair              9
 max number of PS2 of shell pair            147
 mem total for path MDJ                    9444
 -------------------------------------------------------
 Smallest overlap matrix eigenvalue = 3.45E-02

  Scale SEOQF with 1.000000e+00/1.000000e+00/1.000000e+00

 Standard Electronic Orientation quadrupole field applied
 Nucleus-field energy     =    -0.0000000002 hartrees
 Guess MOs from core Hamiltonian diagonalization
 A restricted Hartree-Fock SCF calculation will be
 performed using Pulay DIIS extrapolation
 SCF converges when DIIS error is below 1.0E-12


REORIENTED EFP GEOMETRY

     A01O1   -2.13972    1.28964   -0.96418
     A02H2   -2.66865    0.51034   -1.14473
     A03H3   -1.33300    0.93113   -0.58956
     A01N1    0.98792    1.87681    2.85174
     A02H2    1.68798    1.18856    3.09517
     A03H3    1.45872    2.55905    2.27226
     A04H4    0.75752    2.35522    3.71252
     A01N1   -4.12794   -0.92466   -1.28394
     A02H2   -4.69278   -1.09557   -2.10539
     A03H3   -3.59191   -1.76923   -1.13470
     A04H4   -4.77518   -0.86593   -0.50900


 ---------------------------------------
  Cycle       Energy         DIIS Error
 ---------------------------------------
    1     -69.1486993748      2.59E-01
    2     -69.9345566826      2.13E-01
    3     -75.9180052892      7.24E-02
    4     -76.1363945836      1.90E-02
    5     -76.1765184806      1.99E-03
    6     -76.1777620078      8.66E-04
    7     -76.1796909813      1.37E-04
    8     -76.1800439902      5.04E-05
    9     -76.1802968603      8.31E-06
   10     -76.1803209992      2.00E-06
   11     -76.1803391497      7.52E-07
   12     -76.1803456113      1.06E-07
   13     -76.1803460510      3.62E-08
   14     -76.1803464587      8.43E-09
   15     -76.1803464177      2.46E-09
   16     -76.1803464531      3.30E-10
   17     -76.1803464449      4.27E-11
   18     -76.1803464457      1.37E-11
   19     -76.1803464456      1.97E-12
   20     -76.0237793795      3.14E-13 Convergence criterion met
 ---------------------------------------
 SCF time:  CPU 5.56 s  wall 11.80 s


    EFP ENERGY COMPONENTS (ATOMIC UNITS)

               ELECTROSTATIC ENERGY    -0.0168338165
                POLARIZATION ENERGY    -0.0845266725
                  DISPERSION ENERGY    -0.0029213180
          EXCHANGE-REPULSION ENERGY     0.0127949942
   OVERLAP-BASED CHARGE PENETRATION     0.0000000000

    QM-NUC/EFP ELECTROSTATIC ENERGY     0.1635272065
           QM/EFP DISPERSION ENERGY     0.0000000000
   QM/EFP EXCHANGE-REPULSION ENERGY     0.0000000000

                   TOTAL EFP ENERGY     0.0720403937
       EFP CORRECTION TO SCF ENERGY     0.1565670662


 SCF   energy in the final basis set = -76.0237793795
 Total energy in the final basis set = -76.0237793795
 Analysis of SCF Wavefunction
 
 --------------------------------------------------------------
 
                    Orbital Energies (a.u.)
 --------------------------------------------------------------
 
 Alpha MOs
 -- Occupied --
-20.562  -1.347  -0.709  -0.573  -0.502
 -- Virtual --
  0.185   0.259   0.777   0.846   1.163   1.192   1.252   1.431
  1.453   1.651   1.859   1.928   2.433   2.476   3.279   3.322
  3.505   3.849   4.144
 --------------------------------------------------------------
 
          Ground-State Mulliken Net Atomic Charges

     Atom                 Charge (a.u.)
  ----------------------------------------
      1 O                    -0.276163
      2 H                     0.117215
      3 H                     0.158949
  ----------------------------------------
  Sum of atomic charges =     0.000000

 -----------------------------------------------------------------
                    Cartesian Multipole Moments
 -----------------------------------------------------------------
    Charge (ESU x 10^10)
                 0.0000
    Dipole Moment (Debye)
         X       0.1896      Y      -0.0504      Z      -1.9579
       Tot       1.9677
    Quadrupole Moments (Debye-Ang)
        XX      -4.2346     XY       0.0419     YY      -7.0138
        XZ      -0.0744     YZ       0.0276     ZZ      -5.8488
    Octopole Moments (Debye-Ang^2)
       XXX       0.2344    XXY      -0.0365    XYY       0.0410
       YYY      -0.0268    XXZ      -1.2206    XYZ      -0.0176
       YYZ      -0.2721    XZZ       0.0783    YZZ      -0.0162
       ZZZ      -1.1192
    Hexadecapole Moments (Debye-Ang^3)
      XXXX      -5.6731   XXXY       0.0414   XXYY      -2.0298
      XYYY       0.0223   YYYY      -4.8204   XXXZ      -0.0993
      XXYZ       0.0159   XYYZ      -0.0165   YYYZ       0.0146
      XXZZ      -1.5456   XYZZ       0.0146   YYZZ      -1.8355
      XZZZ      -0.0618   YZZZ       0.0186   ZZZZ      -5.8316
 -----------------------------------------------------------------
Archival summary:
1\1\ds4\SP\HF\BasisUnspecified\12\cdsgroup\ThuJul2303:07:382015ThuJul2303:07:382015\0\\#,HF,BasisUnspecified,\\0,1\O\H,1,0.959073\H,1,0.959073,2,103.524\\HF=-76.0237794\\@

 Total job time:  12.93s(wall), 6.16s(cpu) 
 Thu Jul 23 03:07:38 2015

        *************************************************************
        *                                                           *
        *  Thank you very much for using Q-Chem.  Have a nice day.  *
        *                                                           *
        *************************************************************


